services/geminiService.ts(40,17): error TS2353: Object literal may only specify known properties, and 'google_search' does not exist in type 'ToolUnion'.
src/services/views/Login.tsx(2,48): error TS2307: Cannot find module '../../js/supabase' or its corresponding type declarations.
src/services/views/Login.tsx(3,26): error TS2307: Cannot find module '../types' or its corresponding type declarations.
supabase/functions/create-checkout-session/index.ts(1,23): error TS2307: Cannot find module 'https://deno.land/std@0.168.0/http/server.ts' or its corresponding type declarations.
supabase/functions/create-checkout-session/index.ts(2,20): error TS2307: Cannot find module 'https://esm.sh/stripe@12.0.0?target=deno' or its corresponding type declarations.
supabase/functions/create-checkout-session/index.ts(4,27): error TS2304: Cannot find name 'Deno'.
